SALESMANNO SALESMANNAME         ADDRESS1                       ADDRESS2                       CITY                 PINCODE                                 STATE                SALMAT                                  TGTTOGET                                YTDSALES                                REMARKS
---------- -------------------- ------------------------------ ------------------------------ -------------------- --------------------------------------- -------------------- --------------------------------------- --------------------------------------- --------------------------------------- ------------------------------------------------------------
S00001     AMAN                 A/14                           WORIL                          MUMBAI               400002                                  MAHARASHTRA          3000.00                                 100.00                                  50.00                                   GOOD
S00002     ARAVIND              304                            CITY                           MALAPPURAM           330022                                  KERALA               2000.00                                 300.00                                  30.00                                   NICE
S00003     AAMI                 B/14                           CITY                           KOZHIKODE            373633                                  KERALA               1000.00                                 200.00                                  40.00                                   GOOD

(3 rows affected)


Completion time: 2023-04-24T20:12:59.7325732+05:30
